  25/247 routes  remote=0 same-origin-fail=3
  50/247 routes  remote=0 same-origin-fail=3
  75/247 routes  remote=0 same-origin-fail=3
  100/247 routes  remote=2 same-origin-fail=4
  125/247 routes  remote=2 same-origin-fail=4
  150/247 routes  remote=2 same-origin-fail=4
  175/247 routes  remote=2 same-origin-fail=4
  200/247 routes  remote=2 same-origin-fail=4
  225/247 routes  remote=2 same-origin-fail=4
{
  "schema_version": "monoprice.runtime-audit.v3",
  "base_url": "http://127.0.0.1:8412",
  "routes_driven": 247,
  "routes_by_family": {
    "home": 1,
    "cart-empty": 1,
    "checkout-empty": 1,
    "search": 1,
    "search-empty": 1,
    "not-found": 1,
    "absent-product": 1,
    "category": 72,
    "shop-collection": 48,
    "product-frozen": 48,
    "product-template": 72
  },
  "failed_navigations": [],
  "console_errors": {
    "routes_with_errors": 118,
    "by_message_route_count": [
      [
        "Failed to load resource: the server responded with a status of 404 (Not Found)",
        118
      ],
      [
        "Loading the image 'https://d3e54v103j8qbb.cloudfront.net/img/webflow-badge-text-d2.c82cec3b78.svg' violates the followin",
        48
      ],
      [
        "Loading the image 'https://d3e54v103j8qbb.cloudfront.net/img/webflow-badge-icon-d2.89e12c322e.svg' violates the followin",
        48
      ]
    ]
  },
  "undefined_custom_elements": {
    "zoovu-zoe": 120,
    "monoprice-footer": 1
  },
  "content_floor": {
    "thin_pages": 11,
    "examples": [
      {
        "family": "absent-product",
        "path": "/product?p_id=99999999",
        "status": 200,
        "title": "Products no longer Available",
        "nodes": 2988,
        "images": 18,
        "imagesBroken": 14,
        "imagesBrokenVisible": 0,
        "stylesheets": 30,
        "styleRules": 5766,
        "height": 900,
        "textChars": 467,
        "links": 1106
      },
      {
        "family": "category",
        "path": "/category/outdoor/camping",
        "status": 200,
        "title": "CAMPING - HDMI Cable, Home Theater Accessories, HDMI Products, Cables, Adapters, Video/Audio Switch, Networking, USB, Firewire, Printer Toner, and more!",
        "nodes": 4115,
        "images": 22,
        "imagesBroken": 15,
        "imagesBrokenVisible": 0,
        "stylesheets": 31,
        "styleRules": 4910,
        "height": 1612,
        "textChars": 489,
        "links": 1140
      },
      {
        "family": "category",
        "path": "/category/audio-video/televisions/televisions",
        "status": 200,
        "title": "TELEVISIONS - HDMI Cable, Home Thea

remote requests: 2 distinct
same-origin failures: 4 distinct across 118 routes (2 are this project's gap, the rest reproduce a source absence)
