[    40 done] batch 1 net-fail=0 challenged=0 2.11 pages/s  pending=10782
[    80 done] batch 2 net-fail=0 challenged=0 1.86 pages/s  pending=10838
[   120 done] batch 3 net-fail=0 challenged=0 1.88 pages/s  pending=10884
[    40 done] batch 1 net-fail=0 challenged=0 2.37 pages/s  pending=9928
[    80 done] batch 2 net-fail=0 challenged=0 2.58 pages/s  pending=9894
[   120 done] batch 3 net-fail=0 challenged=0 2.87 pages/s  pending=9854
[   160 done] batch 4 net-fail=0 challenged=0 3.00 pages/s  pending=9815
[   200 done] batch 5 net-fail=0 challenged=0 3.06 pages/s  pending=9775
[   240 done] batch 6 net-fail=0 challenged=0 3.10 pages/s  pending=9735
[   280 done] batch 7 net-fail=0 challenged=0 3.13 pages/s  pending=9695
[   320 done] batch 8 net-fail=0 challenged=0 3.14 pages/s  pending=9665
[   360 done] batch 9 net-fail=0 challenged=0 3.15 pages/s  pending=9627
[   400 done] batch 10 net-fail=0 challenged=0 3.17 pages/s  pending=9595
[   440 done] batch 11 net-fail=0 challenged=0 3.18 pages/s  pending=9561
[   480 done] batch 12 net-fail=0 challenged=0 3.22 pages/s  pending=9525
[   520 done] batch 13 net-fail=0 challenged=0 3.23 pages/s  pending=9485
[   560 done] batch 14 net-fail=0 challenged=0 3.24 pages/s  pending=9446
[   600 done] batch 15 net-fail=0 challenged=0 3.25 pages/s  pending=9422
[   640 done] batch 16 net-fail=0 challenged=0 3.23 pages/s  pending=9386
[   680 done] batch 17 net-fail=0 challenged=0 3.23 pages/s  pending=9346
[   720 done] batch 18 net-fail=0 challenged=0 3.25 pages/s  pending=9306
[   760 done] batch 19 net-fail=0 challenged=0 3.27 pages/s  pending=9266
[   800 done] batch 20 net-fail=0 challenged=0 3.30 pages/s  pending=9236
[   840 done] batch 21 net-fail=0 challenged=0 3.31 pages/s  pending=9196
[   880 done] batch 22 net-fail=0 challenged=0 3.31 pages/s  pending=9157
[   920 done] batch 23 net-fail=0 challenged=0 3.31 pages/s  pending=9117
[   960 done] batch 24 net-fail=0 challenged=0 3.33 pages/s  pending=9077
[  1000 done] batch 25 net-fail=0 challenged=0 3.32 pages/s  pending=9037
[  1040 done] batch 26 net-fail=0 challenged=0 3.31 pages/s  pending=8997
[  1080 done] batch 27 net-fail=0 challenged=0 3.32 pages/s  pending=8957
[  1120 done] batch 28 net-fail=0 challenged=0 3.32 pages/s  pending=8917
[  1160 done] batch 29 net-fail=0 challenged=0 3.33 pages/s  pending=8877
[  1200 done] batch 30 net-fail=0 challenged=0 3.33 pages/s  pending=8837
[  1240 done] batch 31 net-fail=0 challenged=0 3.34 pages/s  pending=8797
[  1280 done] batch 32 net-fail=0 challenged=0 3.36 pages/s  pending=8758
[  1320 done] batch 33 net-fail=0 challenged=0 3.33 pages/s  pending=8718
[  1360 done] batch 34 net-fail=0 challenged=0 3.32 pages/s  pending=8678
[  1400 done] batch 35 net-fail=0 challenged=0 3.33 pages/s  pending=8638
[  1440 done] batch 36 net-fail=0 challenged=0 3.35 pages/s  pending=8598
[  1480 done] batch 37 net-fail=0 challenged=0 3.35 pages/s  pending=8560
[  1520 done] batch 38 net-fail=0 challenged=0 3.40 pages/s  pending=8528
[  1560 done] batch 39 net-fail=0 challenged=0 3.46 pages/s  pending=8492
[  1600 done] batch 40 net-fail=0 challenged=0 3.52 pages/s  pending=8457
[  1640 done] batch 41 net-fail=0 challenged=0 3.59 pages/s  pending=8424
[  1680 done] batch 42 net-fail=0 challenged=0 3.64 pages/s  pending=8387
[  1720 done] batch 43 net-fail=0 challenged=0 3.70 pages/s  pending=8353
[  1760 done] batch 44 net-fail=0 challenged=0 3.76 pages/s  pending=8319
[  1800 done] batch 45 net-fail=0 challenged=0 3.81 pages/s  pending=8287
[  1840 done] batch 46 net-fail=0 challenged=0 3.86 pages/s  pending=8250
[  1880 done] batch 47 net-fail=0 challenged=0 3.91 pages/s  pending=8211
[  1920 done] batch 48 net-fail=0 challenged=0 3.95 pages/s  pending=8176
[  1960 done] batch 49 net-fail=0 challenged=0 4.01 pages/s  pending=8140
[  2000 done] batch 50 net-fail=0 challenged=0 4.07 pages/s  pending=8103
[  2040 done] batch 51 net-fail=0 challenged=0 4.10 pages/s  pending=8068
[  2080 done] batch 52 net-fail=0 challenged=0 4.14 pages/s  pending=8030
[  2120 done] batch 53 net-fail=0 challenged=0 4.19 pages/s  pending=7994
[  2160 done] batch 54 net-fail=0 challenged=0 4.23 pages/s  pending=7962
[  2200 done] batch 55 net-fail=0 challenged=0 4.29 pages/s  pending=7928
[  2240 done] batch 56 net-fail=0 challenged=0 4.34 pages/s  pending=7892
[  2280 done] batch 57 net-fail=0 challenged=0 4.39 pages/s  pending=7856
[  2320 done] batch 58 net-fail=0 challenged=0 4.44 pages/s  pending=7822
[  2360 done] batch 59 net-fail=0 challenged=0 4.49 pages/s  pending=7788
[  2400 done] batch 60 net-fail=0 challenged=0 4.53 pages/s  pending=7751
[  2440 done] batch 61 net-fail=0 challenged=0 4.58 pages/s  pending=7716
[  2480 done] batch 62 net-fail=0 challenged=0 4.61 pages/s  pending=7687
[  2520 done] batch 63 net-fail=0 challenged=0 4.66 pages/s  pending=7654
[  2560 done] batch 64 net-fail=0 challenged=0 4.71 pages/s  pending=7621
[  2600 done] batch 65 net-fail=0 challenged=0 4.75 pages/s  pending=7587
[  2640 done] batch 66 net-fail=0 challenged=0 4.80 pages/s  pending=7551
[  2680 done] batch 67 net-fail=0 challenged=0 4.85 pages/s  pending=7514
[  2720 done] batch 68 net-fail=0 challenged=0 4.89 pages/s  pending=7483
[  2760 done] batch 69 net-fail=0 challenged=0 4.93 pages/s  pending=7444
[  2800 done] batch 70 net-fail=0 challenged=0 4.97 pages/s  pending=7406
[  2840 done] batch 71 net-fail=0 challenged=0 5.00 pages/s  pending=7370
[  2880 done] batch 72 net-fail=0 challenged=0 5.02 pages/s  pending=7336
[  2920 done] batch 73 net-fail=0 challenged=0 5.06 pages/s  pending=7299
[  2960 done] batch 74 net-fail=0 challenged=0 5.10 pages/s  pending=7263
[  3000 done] batch 75 net-fail=0 challenged=0 5.15 pages/s  pending=7227
[  3040 done] batch 76 net-fail=0 challenged=0 5.19 pages/s  pending=7193
[  3080 done] batch 77 net-fail=0 challenged=0 5.22 pages/s  pending=7157
[  3120 done] batch 78 net-fail=0 challenged=0 5.25 pages/s  pending=7120
[  3160 done] batch 79 net-fail=0 challenged=0 5.26 pages/s  pending=7085
[  3200 done] batch 80 net-fail=0 challenged=0 5.31 pages/s  pending=7047
[  3240 done] batch 81 net-fail=0 challenged=0 5.34 pages/s  pending=7008
[  3280 done] batch 82 net-fail=0 challenged=0 5.37 pages/s  pending=6973
[  3320 done] batch 83 net-fail=0 challenged=0 5.41 pages/s  pending=6936
[  3360 done] batch 84 net-fail=0 challenged=0 5.45 pages/s  pending=6903
[  3400 done] batch 85 net-fail=0 challenged=0 5.49 pages/s  pending=6867
[  3440 done] batch 86 net-fail=0 challenged=0 5.51 pages/s  pending=6829
[  3480 done] batch 87 net-fail=0 challenged=0 5.56 pages/s  pending=6792
[  3520 done] batch 88 net-fail=0 challenged=0 5.59 pages/s  pending=6757
[  3560 done] batch 89 net-fail=0 challenged=0 5.63 pages/s  pending=6722
[  3600 done] batch 90 net-fail=0 challenged=0 5.63 pages/s  pending=6691
[  3640 done] batch 91 net-fail=0 challenged=0 5.67 pages/s  pending=6657
[  3680 done] batch 92 net-fail=0 challenged=0 5.71 pages/s  pending=6623
[  3720 done] batch 93 net-fail=0 challenged=0 5.72 pages/s  pending=6587
[  3760 done] batch 94 net-fail=0 challenged=0 5.75 pages/s  pending=6551
[  3800 done] batch 95 net-fail=0 challenged=0 5.76 pages/s  pending=6514
[  3840 done] batch 96 net-fail=0 challenged=0 5.69 pages/s  pending=6476
[  3880 done] batch 97 net-fail=0 challenged=0 5.59 pages/s  pending=6450
[  3920 done] batch 98 net-fail=0 challenged=0 5.54 pages/s  pending=6416
[  3960 done] batch 99 net-fail=0 challenged=0 5.46 pages/s  pending=6377
[  4000 done] batch 100 net-fail=0 challenged=0 5.42 pages/s  pending=6337
[  4040 done] batch 101 net-fail=0 challenged=0 5.38 pages/s  pending=6308
[  4080 done] batch 102 net-fail=0 challenged=0 5.30 pages/s  pending=6307
[  4120 done] batch 103 net-fail=0 challenged=0 5.23 pages/s  pending=6307
[  4160 done] batch 104 net-fail=0 challenged=0 5.15 pages/s  pending=6305
[  4200 done] batch 105 net-fail=0 challenged=0 5.09 pages/s  pending=6303
[  4240 done] batch 106 net-fail=0 challenged=0 5.04 pages/s  pending=6298
[  4280 done] batch 107 net-fail=0 challenged=0 4.97 pages/s  pending=6297
[  4320 done] batch 108 net-fail=0 challenged=0 4.91 pages/s  pending=6297
[  4360 done] batch 109 net-fail=0 challenged=0 4.85 pages/s  pending=6294
[  4400 done] batch 110 net-fail=0 challenged=0 4.79 pages/s  pending=6292
[  4440 done] batch 111 net-fail=0 challenged=0 4.74 pages/s  pending=6286
[  4480 done] batch 112 net-fail=0 challenged=0 4.70 pages/s  pending=6283
[  4520 done] batch 113 net-fail=0 challenged=0 4.66 pages/s  pending=6275
[  4560 done] batch 114 net-fail=0 challenged=0 4.60 pages/s  pending=6273
[  4600 done] batch 115 net-fail=0 challenged=0 4.55 pages/s  pending=6266
[  4640 done] batch 116 net-fail=0 challenged=0 4.52 pages/s  pending=6254
[  4680 done] batch 117 net-fail=0 challenged=0 4.46 pages/s  pending=6251
[  4720 done] batch 118 net-fail=0 challenged=0 4.42 pages/s  pending=6251
[  4760 done] batch 119 net-fail=0 challenged=0 4.40 pages/s  pending=6230
[  4800 done] batch 120 net-fail=0 challenged=0 4.36 pages/s  pending=6225
[  4840 done] batch 121 net-fail=0 challenged=0 4.33 pages/s  pending=6208
[  4880 done] batch 122 net-fail=0 challenged=0 4.30 pages/s  pending=6207
[  4920 done] batch 123 net-fail=0 challenged=0 4.26 pages/s  pending=6205
[  4960 done] batch 124 net-fail=0 challenged=0 4.23 pages/s  pending=6203
[  5000 done] batch 125 net-fail=0 challenged=0 4.21 pages/s  pending=6169
[  5040 done] batch 126 net-fail=0 challenged=0 4.18 pages/s  pending=6167
[  5080 done] batch 127 net-fail=0 challenged=0 4.15 pages/s  pending=6167
[  5120 done] batch 128 net-fail=0 challenged=0 4.13 pages/s  pending=6157
[  5160 done] batch 129 net-fail=0 challenged=0 4.10 pages/s  pending=6151
[  5200 done] batch 130 net-fail=0 challenged=0 4.07 pages/s  pending=6146
[  5240 done] batch 131 net-fail=0 challenged=0 4.05 pages/s  pending=6130
[  5280 done] batch 132 net-fail=0 challenged=0 4.02 pages/s  pending=6123
[  5320 done] batch 133 net-fail=0 challenged=0 3.99 pages/s  pending=6120
[  5360 done] batch 134 net-fail=0 challenged=0 3.96 pages/s  pending=6115
[  5400 done] batch 135 net-fail=0 challenged=0 3.95 pages/s  pending=6086
[  5440 done] batch 136 net-fail=0 challenged=0 3.92 pages/s  pending=6083
[  5480 done] batch 137 net-fail=0 challenged=0 3.90 pages/s  pending=6080
[  5520 done] batch 138 net-fail=0 challenged=0 3.88 pages/s  pending=6077
[  5560 done] batch 139 net-fail=0 challenged=0 3.85 pages/s  pending=6077
[  5600 done] batch 140 net-fail=0 challenged=0 3.83 pages/s  pending=6069
[  5640 done] batch 141 net-fail=0 challenged=0 3.81 pages/s  pending=6066
[  5680 done] batch 142 net-fail=0 challenged=0 3.79 pages/s  pending=6062
[  5720 done] batch 143 net-fail=0 challenged=0 3.78 pages/s  pending=6033
[  5760 done] batch 144 net-fail=0 challenged=0 3.77 pages/s  pending=6031
[  5800 done] batch 145 net-fail=0 challenged=0 3.75 pages/s  pending=6026
[  5840 done] batch 146 net-fail=0 challenged=0 3.74 pages/s  pending=6023
[  5880 done] batch 147 net-fail=0 challenged=0 3.71 pages/s  pending=6015
[  5920 done] batch 148 net-fail=0 challenged=0 3.70 pages/s  pending=6012
[  5960 done] batch 149 net-fail=0 challenged=0 3.68 pages/s  pending=6005
[  6000 done] batch 150 net-fail=0 challenged=0 3.67 pages/s  pending=5998
[  6040 done] batch 151 net-fail=0 challenged=0 3.65 pages/s  pending=5996
[  6080 done] batch 152 net-fail=0 challenged=0 3.64 pages/s  pending=5991
[  6120 done] batch 153 net-fail=0 challenged=0 3.62 pages/s  pending=5988
[  6160 done] batch 154 net-fail=0 challenged=0 3.60 pages/s  pending=5988
[  6200 done] batch 155 net-fail=0 challenged=0 3.59 pages/s  pending=5985
[  6240 done] batch 156 net-fail=0 challenged=0 3.58 pages/s  pending=5979
[  6280 done] batch 157 net-fail=0 challenged=0 3.57 pages/s  pending=5973
[  6320 done] batch 158 net-fail=0 challenged=0 3.55 pages/s  pending=5969
[  6360 done] batch 159 net-fail=0 challenged=0 3.54 pages/s  pending=5967
[  6400 done] batch 160 net-fail=0 challenged=0 3.52 pages/s  pending=5965
[  6440 done] batch 161 net-fail=0 challenged=0 3.51 pages/s  pending=5963
[  6480 done] batch 162 net-fail=0 challenged=0 3.50 pages/s  pending=5949
[  6520 done] batch 163 net-fail=0 challenged=0 3.49 pages/s  pending=5944
[  6560 done] batch 164 net-fail=0 challenged=0 3.48 pages/s  pending=5940
[  6600 done] batch 165 net-fail=0 challenged=0 3.47 pages/s  pending=5936
[  6640 done] batch 166 net-fail=0 challenged=0 3.46 pages/s  pending=5927
[  6680 done] batch 167 net-fail=0 challenged=0 3.44 pages/s  pending=5921
[  6720 done] batch 168 net-fail=0 challenged=0 3.43 pages/s  pending=5918
[  6760 done] batch 169 net-fail=0 challenged=0 3.42 pages/s  pending=5914
[  6800 done] batch 170 net-fail=0 challenged=0 3.41 pages/s  pending=5904
[  6840 done] batch 171 net-fail=0 challenged=0 3.41 pages/s  pending=5865
[  6880 done] batch 172 net-fail=0 challenged=0 3.41 pages/s  pending=5825
[  6920 done] batch 173 net-fail=0 challenged=0 3.40 pages/s  pending=5804
[  6960 done] batch 174 net-fail=0 challenged=0 3.39 pages/s  pending=5776
[  7000 done] batch 175 net-fail=0 challenged=0 3.39 pages/s  pending=5773
[  7040 done] batch 176 net-fail=0 challenged=0 3.38 pages/s  pending=5772
[  7080 done] batch 177 net-fail=0 challenged=0 3.36 pages/s  pending=5772
[  7120 done] batch 178 net-fail=0 challenged=0 3.35 pages/s  pending=5772
[  7160 done] batch 179 net-fail=0 challenged=0 3.35 pages/s  pending=5772
[  7200 done] batch 180 net-fail=0 challenged=0 3.34 pages/s  pending=5762
[  7240 done] batch 181 net-fail=0 challenged=0 3.34 pages/s  pending=5723
[  7280 done] batch 182 net-fail=0 challenged=0 3.34 pages/s  pending=5685
[  7320 done] batch 183 net-fail=0 challenged=0 3.33 pages/s  pending=5661
[  7360 done] batch 184 net-fail=0 challenged=0 3.33 pages/s  pending=5623
[  7400 done] batch 185 net-fail=0 challenged=0 3.33 pages/s  pending=5585
[  7440 done] batch 186 net-fail=0 challenged=0 3.32 pages/s  pending=5554
[  7480 done] batch 187 net-fail=0 challenged=0 3.32 pages/s  pending=5525
[  7520 done] batch 188 net-fail=0 challenged=0 3.32 pages/s  pending=5490
[  7560 done] batch 189 net-fail=0 challenged=0 3.32 pages/s  pending=5450
[  7600 done] batch 190 net-fail=0 challenged=0 3.32 pages/s  pending=5411
[  7640 done] batch 191 net-fail=0 challenged=0 3.32 pages/s  pending=5371
[  7680 done] batch 192 net-fail=0 challenged=0 3.32 pages/s  pending=5332
[  7720 done] batch 193 net-fail=0 challenged=0 3.31 pages/s  pending=5299
[  7760 done] batch 194 net-fail=0 challenged=0 3.31 pages/s  pending=5267
[  7800 done] batch 195 net-fail=0 challenged=0 3.31 pages/s  pending=5235
[  7840 done] batch 196 net-fail=0 challenged=0 3.31 pages/s  pending=5201
[  7880 done] batch 197 net-fail=0 challenged=0 3.30 pages/s  pending=5172
[  7920 done] batch 198 net-fail=0 challenged=0 3.30 pages/s  pending=5146
[  7960 done] batch 199 net-fail=0 challenged=0 3.30 pages/s  pending=5116
[  8000 done] batch 200 net-fail=0 challenged=0 3.29 pages/s  pending=5107
[  8040 done] batch 201 net-fail=0 challenged=0 3.29 pages/s  pending=5098
[  8080 done] batch 202 net-fail=0 challenged=0 3.29 pages/s  pending=5062
[  8120 done] batch 203 net-fail=0 challenged=0 3.28 pages/s  pending=5057
[  8160 done] batch 204 net-fail=0 challenged=0 3.27 pages/s  pending=5040
[  8200 done] batch 205 net-fail=0 challenged=0 3.27 pages/s  pending=5008
[  8240 done] batch 206 net-fail=0 challenged=0 3.27 pages/s  pending=4968
[  8280 done] batch 207 net-fail=0 challenged=0 3.27 pages/s  pending=4947
[  8320 done] batch 208 net-fail=0 challenged=0 3.26 pages/s  pending=4924
[  8360 done] batch 209 net-fail=0 challenged=0 3.26 pages/s  pending=4891
[  8400 done] batch 210 net-fail=0 challenged=0 3.26 pages/s  pending=4879
[  8440 done] batch 211 net-fail=0 challenged=0 3.26 pages/s  pending=4845
[  8480 done] batch 212 net-fail=0 challenged=0 3.25 pages/s  pending=4833
[  8520 done] batch 213 net-fail=0 challenged=0 3.25 pages/s  pending=4795
[  8560 done] batch 214 net-fail=0 challenged=0 3.25 pages/s  pending=4759
[  8600 done] batch 215 net-fail=0 challenged=0 3.25 pages/s  pending=4721
[  8640 done] batch 216 net-fail=0 challenged=0 3.25 pages/s  pending=4681
[  8680 done] batch 217 net-fail=0 challenged=0 3.25 pages/s  pending=4652
[  8720 done] batch 218 net-fail=0 challenged=0 3.24 pages/s  pending=4617
[  8760 done] batch 219 net-fail=0 challenged=0 3.24 pages/s  pending=4583
[  8800 done] batch 220 net-fail=0 challenged=0 3.24 pages/s  pending=4545
[  8840 done] batch 221 net-fail=0 challenged=0 3.24 pages/s  pending=4521
[  8880 done] batch 222 net-fail=0 challenged=0 3.23 pages/s  pending=4521
[  8920 done] batch 223 net-fail=0 challenged=0 3.23 pages/s  pending=4521
[  8960 done] batch 224 net-fail=0 challenged=0 3.22 pages/s  pending=4518
[  9000 done] batch 225 net-fail=0 challenged=0 3.21 pages/s  pending=4518
[  9040 done] batch 226 net-fail=0 challenged=0 3.21 pages/s  pending=4518
[  9080 done] batch 227 net-fail=0 challenged=0 3.20 pages/s  pending=4516
[  9120 done] batch 228 net-fail=0 challenged=0 3.20 pages/s  pending=4516
[  9160 done] batch 229 net-fail=0 challenged=0 3.19 pages/s  pending=4515
[  9200 done] batch 230 net-fail=0 challenged=0 3.18 pages/s  pending=4514
[  9240 done] batch 231 net-fail=0 challenged=0 3.18 pages/s  pending=4512
[  9280 done] batch 232 net-fail=0 challenged=0 3.17 pages/s  pending=4506
[  9320 done] batch 233 net-fail=0 challenged=0 3.17 pages/s  pending=4506
[  9360 done] batch 234 net-fail=0 challenged=0 3.16 pages/s  pending=4506
[  9400 done] batch 235 net-fail=0 challenged=0 3.16 pages/s  pending=4502
[  9440 done] batch 236 net-fail=0 challenged=0 3.15 pages/s  pending=4494
[  9480 done] batch 237 net-fail=0 challenged=0 3.15 pages/s  pending=4494
[  9520 done] batch 238 net-fail=0 challenged=0 3.14 pages/s  pending=4493
[  9560 done] batch 239 net-fail=0 challenged=0 3.13 pages/s  pending=4493
[  9600 done] batch 240 net-fail=0 challenged=0 3.13 pages/s  pending=4509
[  9640 done] batch 241 net-fail=0 challenged=0 3.12 pages/s  pending=4539
[  9680 done] batch 242 net-fail=0 challenged=0 3.10 pages/s  pending=4596
[  9720 done] batch 243 net-fail=0 challenged=0 3.09 pages/s  pending=4579
[  9760 done] batch 244 net-fail=0 challenged=0 3.09 pages/s  pending=4546
[  9800 done] batch 245 net-fail=0 challenged=0 3.09 pages/s  pending=4598
[  9840 done] batch 246 net-fail=0 challenged=0 3.08 pages/s  pending=4573
[  9880 done] batch 247 net-fail=0 challenged=0 3.07 pages/s  pending=4550
[  9886 done] batch 248 net-fail=0 challenged=0 3.07 pages/s  pending=4545
{
  "done": 9886,
  "network_failures": 0,
  "challenged": 0,
  "product_bodies_kept": 600,
  "product_extract_failures": 0,
  "product_extract_failure_examples": [],
  "variant_urls_kept": 445,
  "variant_urls_kept_by_facet": {
    "(unclassified-variant)": 10,
    "amp_type_ufilter": 1,
    "body_style_ufilter": 5,
    "cable_management_ufilter": 5,
    "categorypath2_ufilter": 10,
    "categorypath3_ufilter": 12,
    "condition_ufilter": 10,
    "control_type_ufilter": 6,
    "cust_review": 10,
    "fingerboard_radius_ufilter": 3,
    "fixture_type_ufilter": 10,
    "form_factor_ufilter": 2,
    "freeshipping_ufilter": 8,
    "guitar_type_ufilter": 5,
    "led_size_ufilter": 2,
    "light_color_ufilter": 10,
    "light_source_ufilter": 5,
    "neck_shape_ufilter": 4,
    "number_of_channels_ufilter": 8,
    "number_of_leds_ufilter": 6,
    "pgnum": 15,
    "pickup_configuration_ufilter": 10,
    "plug_type_ufilter": 10,
    "punch_down_type_ufilter": 6,
    "rack_u_size_ufilter": 9,
    "strings_ufilter": 4,
    "v_active_noise_cancelling_ufilter": 7,
    "v_active_ufilter": 10,
    "v_amps_ufilter": 10,
    "v_bandwidth_ufilter": 10,
    "v_bluetooth_ufilter": 1,
    "v_boot_type_ufilter": 10,
    "v_brand_name_ufilter": 10,
    "v_cable_construction_ufilter": 10,
    "v_category_cable_type_ufilter": 10,
    "v_color_ufilter": 10,
    "v_connector_a_ufilter": 10,
    "v_connector_b_ufilter": 10,
    "v_connector_ufilter": 10,
    "v_fire_rating_ufilter": 10,
    "v_gauge_ufilter": 10,
    "v_hdr_ufilter": 10,
    "v_headphone_type_ufilter": 4,
    "v_master_length_ufilter": 10,
    "v_material_ufilter": 10,
    "v_max_tv_size_ufilter": 6,
    "v_mount_type_ufilter": 10,
    "v_number_of_conductors_ufilter": 10,
    "v_ports_ufilter": 3,
    "v_series_ufilter": 10,
    "v_shielding_ufilter": 10,
    "v_ul_certified_ufilter": 10,
    "v_vesa_pattern_ufilter": 10,
    "v_voltage_ufilter": 8,
    "v_wattage_ufilter": 10
  },
  "variant_urls_dropped_by_cap": 138548,
  "seconds": 3224.3
}
NOTE: 138548 facet/sort/page variant URLs were left out by the per-facet caps; 445 were kept across 55 facet types. Recorded in the queue under 'variant_cap'.
[    40 done] batch 1 net-fail=0 challenged=0 1.77 pages/s  pending=783
[    80 done] batch 2 net-fail=0 challenged=0 1.72 pages/s  pending=750
[   120 done] batch 3 net-fail=0 challenged=0 2.05 pages/s  pending=710
[   160 done] batch 4 net-fail=0 challenged=0 2.21 pages/s  pending=672
[   200 done] batch 5 net-fail=0 challenged=0 2.62 pages/s  pending=632
[   240 done] batch 6 net-fail=0 challenged=0 3.04 pages/s  pending=592
[   280 done] batch 7 net-fail=0 challenged=0 3.42 pages/s  pending=552
[   320 done] batch 8 net-fail=0 challenged=0 3.73 pages/s  pending=512
[   360 done] batch 9 net-fail=0 challenged=0 4.10 pages/s  pending=472
[   400 done] batch 10 net-fail=0 challenged=0 4.42 pages/s  pending=432
[   440 done] batch 11 net-fail=0 challenged=0 4.58 pages/s  pending=392
[   480 done] batch 12 net-fail=0 challenged=0 4.19 pages/s  pending=357
[   520 done] batch 13 net-fail=0 challenged=0 3.76 pages/s  pending=318
[   560 done] batch 14 net-fail=0 challenged=0 3.49 pages/s  pending=301
[   600 done] batch 15 net-fail=0 challenged=0 3.30 pages/s  pending=267
[   640 done] batch 16 net-fail=0 challenged=0 3.13 pages/s  pending=252
[   680 done] batch 17 net-fail=0 challenged=0 2.97 pages/s  pending=237
[   720 done] batch 18 net-fail=0 challenged=0 2.90 pages/s  pending=197
[   760 done] batch 19 net-fail=0 challenged=0 2.85 pages/s  pending=157
[   800 done] batch 20 net-fail=0 challenged=0 2.75 pages/s  pending=140
{
  "done": 800,
  "network_failures": 0,
  "challenged": 0,
  "product_bodies_kept": 600,
  "product_extract_failures": 2,
  "product_extract_failure_examples": [
    "https://www.monoprice.com/product/index?c_id=307&cp_id=30707&cs_id=3070722&format=2&p_id=40384&seq=1",
    "https://www.monoprice.com/product/index?c_id=307&cp_id=30707&cs_id=3070722&format=2&p_id=40381&seq=1"
  ],
  "variant_urls_kept": 556,
  "variant_urls_kept_by_facet": {
    "(unclassified-variant)": 10,
    "amp_type_ufilter": 8,
    "body_style_ufilter": 10,
    "cable_management_ufilter": 10,
    "categorypath2_ufilter": 10,
    "categorypath3_ufilter": 12,
    "condition_ufilter": 10,
    "control_type_ufilter": 10,
    "cust_review": 10,
    "fingerboard_radius_ufilter": 10,
    "fixture_type_ufilter": 10,
    "form_factor_ufilter": 10,
    "freeshipping_ufilter": 8,
    "guitar_type_ufilter": 10,
    "led_size_ufilter": 10,
    "light_color_ufilter": 10,
    "light_source_ufilter": 10,
    "neck_shape_ufilter": 10,
    "number_of_channels_ufilter": 10,
    "number_of_leds_ufilter": 10,
    "pgnum": 15,
    "pickup_configuration_ufilter": 10,
    "plug_type_ufilter": 10,
    "punch_down_type_ufilter": 10,
    "rack_u_size_ufilter": 10,
    "rows": 8,
    "strings_ufilter": 10,
    "v_active_noise_cancelling_ufilter": 10,
    "v_active_ufilter": 10,
    "v_amps_ufilter": 10,
    "v_bandwidth_ufilter": 10,
    "v_bluetooth_ufilter": 6,
    "v_boot_type_ufilter": 10,
    "v_brand_name_ufilter": 10,
    "v_cable_construction_ufilter": 10,
    "v_category_cable_type_ufilter": 10,
    "v_color_ufilter": 10,
    "v_connector_a_ufilter": 10,
    "v_connector_b_ufilter": 10,
    "v_connector_ufilter": 10,
    "v_fire_rating_ufilter": 10,
    "v_gauge_ufilter": 10,
    "v_hdr_ufilter": 10,
    "v_headphone_type_ufilter": 7,
    "v_master_length_ufilter": 10,
    "v_material_ufilter": 10,
    "v_max_tv_size_ufilter": 10,
    "v_mount_type_ufilter": 10,
    "v_number_of_conductors_ufilter": 10,
    "v_ports_ufilter": 9,
    "v_product_type_ufilter": 2,
    "v_series_ufilter": 10,
    "v_shielding_ufilter": 10,
    "v_size_ufilter": 1,
    "v_ul_certified_ufilter": 10,
    "v_vesa_pattern_ufilter": 10,
    "v_voltage_ufilter": 10,
    "v_wattage_ufilter": 10
  },
  "variant_urls_dropped_by_cap": 22124,
  "seconds": 291.1
}
NOTE: 22124 facet/sort/page variant URLs were left out by the per-facet caps; 556 were kept across 58 facet types. Recorded in the queue under 'variant_cap'.
NOTE: 2 product pages published no schema.org Product block; their full bodies were retained instead so nothing was lost. They need a second reader.
